# Import module
>>> add_integer = __import__('0-add_integer').add_integer

# Test case 1: Positive integer + Positive integer
>>> add_integer(1, 2)
3

# Test case 2: Positive integer + Negative integer
>>> add_integer(100, -2)
98

# Test case 3: Pass only one integer
>>> add_integer(2)
100

# Test case 4: Float + negative integer
>>> add_integer(100.3, -2)
98

# Test case 5: Invalid input for a (string)
>>> add_integer(4, "School")
Traceback (most recent call last):
  File "<stdin>", line 1, in <module>
  File "/home/hope/alx-higher_level_programming/0x07-python-test_driven_development/0-add_integer.py", line 7, in add_integer
    raise TypeError("b must be an integer")
TypeError: b must be an integer

# Test case 6: Invalid input (None)
>>> add_integer(None)
Traceback (most recent call last):
  File "<stdin>", line 1, in <module>
  File "/home/hope/alx-higher_level_programming/0x07-python-test_driven_development/0-add_integer.py", line 5, in add_integer
    raise TypeError("a must be an integer")
TypeError: a must be an integer

# Test case 7: Invalid input for both a and b (bool)
>>> add_integer(True, False)
Traceback (most recent call last):
  File "<stdin>", line 1, in <module>
  File "/home/hope/alx-higher_level_programming/0x07-python-test_driven_development/0-add_integer.py", line 14, in add_integer
    raise TypeError("a must be an integer")
TypeError: a must be an integer

# Test case 5: Invalid input for b
>>> add_integer(0, False)
Traceback (most recent call last):
  File "<stdin>", line 1, in <module>
  File "/home/hope/alx-higher_level_programming/0x07-python-test_driven_development/0-add_integer.py", line 16, in add_integer
    raise TypeError("b must be an integer")
TypeError: b must be an integer

# Test case 6: Float Overflow
>>> add_integer(1e300, 1e300)
89
